import _frozen_importlib # frozen
import _imp # builtin
import '_thread' # <class '_frozen_importlib.BuiltinImporter'>
import '_warnings' # <class '_frozen_importlib.BuiltinImporter'>
import '_weakref' # <class '_frozen_importlib.BuiltinImporter'>
import 'winreg' # <class '_frozen_importlib.BuiltinImporter'>
import '_io' # <class '_frozen_importlib.BuiltinImporter'>
import 'marshal' # <class '_frozen_importlib.BuiltinImporter'>
import 'nt' # <class '_frozen_importlib.BuiltinImporter'>
import '_frozen_importlib_external' # <class '_frozen_importlib.FrozenImporter'>
# installing zipimport hook
import 'time' # <class '_frozen_importlib.BuiltinImporter'>
import 'zipimport' # <class '_frozen_importlib.FrozenImporter'>
# installed zipimport hook
# C:\Python314\Lib\encodings\__pycache__\__init__.cpython-314.pyc matches C:\Python314\Lib\encodings\__init__.py
# code object from 'C:\\Python314\\Lib\\encodings\\__pycache__\\__init__.cpython-314.pyc'
import '_codecs' # <class '_frozen_importlib.BuiltinImporter'>
import 'codecs' # <class '_frozen_importlib.FrozenImporter'>
# C:\Python314\Lib\encodings\__pycache__\aliases.cpython-314.pyc matches C:\Python314\Lib\encodings\aliases.py
# code object from 'C:\\Python314\\Lib\\encodings\\__pycache__\\aliases.cpython-314.pyc'
import 'encodings.aliases' # <_frozen_importlib_external.SourceFileLoader object at 0x0000016C2906A210>
# C:\Python314\Lib\encodings\__pycache__\_win_cp_codecs.cpython-314.pyc matches C:\Python314\Lib\encodings\_win_cp_codecs.py
# code object from 'C:\\Python314\\Lib\\encodings\\__pycache__\\_win_cp_codecs.cpython-314.pyc'
import 'encodings._win_cp_codecs' # <_frozen_importlib_external.SourceFileLoader object at 0x0000016C2906A350>
import 'encodings' # <_frozen_importlib_external.SourceFileLoader object at 0x0000016C28FE5550>
# C:\Python314\Lib\encodings\__pycache__\utf_8.cpython-314.pyc matches C:\Python314\Lib\encodings\utf_8.py
# code object from 'C:\\Python314\\Lib\\encodings\\__pycache__\\utf_8.cpython-314.pyc'
import 'encodings.utf_8' # <_frozen_importlib_external.SourceFileLoader object at 0x0000016C2906D940>
# C:\Python314\Lib\encodings\__pycache__\cp1252.cpython-314.pyc matches C:\Python314\Lib\encodings\cp1252.py
# code object from 'C:\\Python314\\Lib\\encodings\\__pycache__\\cp1252.cpython-314.pyc'
import 'encodings.cp1252' # <_frozen_importlib_external.SourceFileLoader object at 0x0000016C2906DA70>
import '_signal' # <class '_frozen_importlib.BuiltinImporter'>
import '_abc' # <class '_frozen_importlib.BuiltinImporter'>
import 'abc' # <class '_frozen_importlib.FrozenImporter'>
import '_stat' # <class '_frozen_importlib.BuiltinImporter'>
import 'stat' # <class '_frozen_importlib.FrozenImporter'>
import '_collections_abc' # <class '_frozen_importlib.FrozenImporter'>
import 'genericpath' # <class '_frozen_importlib.FrozenImporter'>
import '_winapi' # <class '_frozen_importlib.BuiltinImporter'>
import 'ntpath' # <class '_frozen_importlib.FrozenImporter'>
import 'os' # <class '_frozen_importlib.FrozenImporter'>
import '_sitebuiltins' # <class '_frozen_importlib.FrozenImporter'>
import 'errno' # <class '_frozen_importlib.BuiltinImporter'>
Processing global site-packages
Adding directory: 'D:\\EV CHARGING\\venv'
Adding directory: 'D:\\EV CHARGING\\venv\\Lib\\site-packages'
Processing user site-packages
Processing global site-packages
Adding directory: 'D:\\EV CHARGING\\venv'
Adding directory: 'D:\\EV CHARGING\\venv\\Lib\\site-packages'
import 'site' # <class '_frozen_importlib.FrozenImporter'>
Python 3.14.3 (tags/v3.14.3:323c59a, Feb  3 2026, 16:04:56) [MSC v.1944 64 bit (AMD64)] on win32
Type "help", "copyright", "credits" or "license" for more information.
# C:\Python314\Lib\__pycache__\linecache.cpython-314.pyc matches C:\Python314\Lib\linecache.py
# code object from 'C:\\Python314\\Lib\\__pycache__\\linecache.cpython-314.pyc'
import 'linecache' # <_frozen_importlib_external.SourceFileLoader object at 0x0000016C290172F0>
# D:\EV CHARGING\venv\Lib\site-packages\sqlalchemy\__pycache__\__init__.cpython-314.pyc matches D:\EV CHARGING\venv\Lib\site-packages\sqlalchemy\__init__.py
# code object from 'D:\\EV CHARGING\\venv\\Lib\\site-packages\\sqlalchemy\\__pycache__\\__init__.cpython-314.pyc'
# C:\Python314\Lib\__pycache__\__future__.cpython-314.pyc matches C:\Python314\Lib\__future__.py
# code object from 'C:\\Python314\\Lib\\__pycache__\\__future__.cpython-314.pyc'
import '__future__' # <_frozen_importlib_external.SourceFileLoader object at 0x0000016C2925EF10>
# C:\Python314\Lib\__pycache__\typing.cpython-314.pyc matches C:\Python314\Lib\typing.py
# code object from 'C:\\Python314\\Lib\\__pycache__\\typing.cpython-314.pyc'
# C:\Python314\Lib\collections\__pycache__\__init__.cpython-314.pyc matches C:\Python314\Lib\collections\__init__.py
# code object from 'C:\\Python314\\Lib\\collections\\__pycache__\\__init__.cpython-314.pyc'
import 'itertools' # <class '_frozen_importlib.BuiltinImporter'>
# C:\Python314\Lib\__pycache__\keyword.cpython-314.pyc matches C:\Python314\Lib\keyword.py
# code object from 'C:\\Python314\\Lib\\__pycache__\\keyword.cpython-314.pyc'
import 'keyword' # <_frozen_importlib_external.SourceFileLoader object at 0x0000016C29304F50>
# C:\Python314\Lib\__pycache__\operator.cpython-314.pyc matches C:\Python314\Lib\operator.py
# code object from 'C:\\Python314\\Lib\\__pycache__\\operator.cpython-314.pyc'
import '_operator' # <class '_frozen_importlib.BuiltinImporter'>
import 'operator' # <_frozen_importlib_external.SourceFileLoader object at 0x0000016C29305130>
# C:\Python314\Lib\__pycache__\reprlib.cpython-314.pyc matches C:\Python314\Lib\reprlib.py
# code object from 'C:\\Python314\\Lib\\__pycache__\\reprlib.cpython-314.pyc'
import 'reprlib' # <_frozen_importlib_external.SourceFileLoader object at 0x0000016C29301B70>
import '_collections' # <class '_frozen_importlib.BuiltinImporter'>
import 'collections' # <_frozen_importlib_external.SourceFileLoader object at 0x0000016C29269E50>
# C:\Python314\Lib\__pycache__\copyreg.cpython-314.pyc matches C:\Python314\Lib\copyreg.py
# code object from 'C:\\Python314\\Lib\\__pycache__\\copyreg.cpython-314.pyc'
import 'copyreg' # <_frozen_importlib_external.SourceFileLoader object at 0x0000016C29301E10>
# C:\Python314\Lib\__pycache__\functools.cpython-314.pyc matches C:\Python314\Lib\functools.py
# code object from 'C:\\Python314\\Lib\\__pycache__\\functools.cpython-314.pyc'
# C:\Python314\Lib\__pycache__\types.cpython-314.pyc matches C:\Python314\Lib\types.py
# code object from 'C:\\Python314\\Lib\\__pycache__\\types.cpython-314.pyc'
import '_types' # <class '_frozen_importlib.BuiltinImporter'>
import 'types' # <_frozen_importlib_external.SourceFileLoader object at 0x0000016C28FF7950>
import '_functools' # <class '_frozen_importlib.BuiltinImporter'>
import 'functools' # <_frozen_importlib_external.SourceFileLoader object at 0x0000016C29219B20>
import '_typing' # <class '_frozen_importlib.BuiltinImporter'>
import 'typing' # <_frozen_importlib_external.SourceFileLoader object at 0x0000016C29268C50>
# D:\EV CHARGING\venv\Lib\site-packages\sqlalchemy\util\__pycache__\__init__.cpython-314.pyc matches D:\EV CHARGING\venv\Lib\site-packages\sqlalchemy\util\__init__.py
# code object from 'D:\\EV CHARGING\\venv\\Lib\\site-packages\\sqlalchemy\\util\\__pycache__\\__init__.cpython-314.pyc'
# D:\EV CHARGING\venv\Lib\site-packages\sqlalchemy\util\__pycache__\preloaded.cpython-314.pyc matches D:\EV CHARGING\venv\Lib\site-packages\sqlalchemy\util\preloaded.py
# code object from 'D:\\EV CHARGING\\venv\\Lib\\site-packages\\sqlalchemy\\util\\__pycache__\\preloaded.cpython-314.pyc'
import 'sqlalchemy.util.preloaded' # <_frozen_importlib_external.SourceFileLoader object at 0x0000016C296985D0>
# D:\EV CHARGING\venv\Lib\site-packages\sqlalchemy\util\__pycache__\_collections.cpython-314.pyc matches D:\EV CHARGING\venv\Lib\site-packages\sqlalchemy\util\_collections.py
# code object from 'D:\\EV CHARGING\\venv\\Lib\\site-packages\\sqlalchemy\\util\\__pycache__\\_collections.cpython-314.pyc'
# C:\Python314\Lib\__pycache__\threading.cpython-314.pyc matches C:\Python314\Lib\threading.py
# code object from 'C:\\Python314\\Lib\\__pycache__\\threading.cpython-314.pyc'
import '_contextvars' # <class '_frozen_importlib.BuiltinImporter'>
# C:\Python314\Lib\__pycache__\_weakrefset.cpython-314.pyc matches C:\Python314\Lib\_weakrefset.py
# code object from 'C:\\Python314\\Lib\\__pycache__\\_weakrefset.cpython-314.pyc'
import '_weakrefset' # <_frozen_importlib_external.SourceFileLoader object at 0x0000016C2963E350>
import 'threading' # <_frozen_importlib_external.SourceFileLoader object at 0x0000016C2963DDB0>
# C:\Python314\Lib\__pycache__\weakref.cpython-314.pyc matches C:\Python314\Lib\weakref.py
# code object from 'C:\\Python314\\Lib\\__pycache__\\weakref.cpython-314.pyc'
import 'weakref' # <_frozen_importlib_external.SourceFileLoader object at 0x0000016C2900B0B0>
# D:\EV CHARGING\venv\Lib\site-packages\sqlalchemy\util\__pycache__\_has_cy.cpython-314.pyc matches D:\EV CHARGING\venv\Lib\site-packages\sqlalchemy\util\_has_cy.py
# code object from 'D:\\EV CHARGING\\venv\\Lib\\site-packages\\sqlalchemy\\util\\__pycache__\\_has_cy.cpython-314.pyc'
# D:\EV CHARGING\venv\Lib\site-packages\sqlalchemy\cyextension\__pycache__\__init__.cpython-314.pyc matches D:\EV CHARGING\venv\Lib\site-packages\sqlalchemy\cyextension\__init__.py
# code object from 'D:\\EV CHARGING\\venv\\Lib\\site-packages\\sqlalchemy\\cyextension\\__pycache__\\__init__.cpython-314.pyc'
import 'sqlalchemy.cyextension' # <_frozen_importlib_external.SourceFileLoader object at 0x0000016C2967E8D0>
# extension module 'sqlalchemy.cyextension.collections' loaded from 'D:\\EV CHARGING\\venv\\Lib\\site-packages\\sqlalchemy\\cyextension\\collections.cp314-win_amd64.pyd'
import 'zlib' # <class '_frozen_importlib.BuiltinImporter'>
# extension module 'sqlalchemy.cyextension.collections' executed from 'D:\\EV CHARGING\\venv\\Lib\\site-packages\\sqlalchemy\\cyextension\\collections.cp314-win_amd64.pyd'
import 'sqlalchemy.cyextension.collections' # <_frozen_importlib_external.ExtensionFileLoader object at 0x0000016C29657620>
# extension module 'sqlalchemy.cyextension.immutabledict' loaded from 'D:\\EV CHARGING\\venv\\Lib\\site-packages\\sqlalchemy\\cyextension\\immutabledict.cp314-win_amd64.pyd'
# extension module 'sqlalchemy.cyextension.immutabledict' executed from 'D:\\EV CHARGING\\venv\\Lib\\site-packages\\sqlalchemy\\cyextension\\immutabledict.cp314-win_amd64.pyd'
import 'sqlalchemy.cyextension.immutabledict' # <_frozen_importlib_external.ExtensionFileLoader object at 0x0000016C296B1E50>
# extension module 'sqlalchemy.cyextension.processors' loaded from 'D:\\EV CHARGING\\venv\\Lib\\site-packages\\sqlalchemy\\cyextension\\processors.cp314-win_amd64.pyd'
# C:\Python314\Lib\__pycache__\datetime.cpython-314.pyc matches C:\Python314\Lib\datetime.py
# code object from 'C:\\Python314\\Lib\\__pycache__\\datetime.cpython-314.pyc'
import '_datetime' # <class '_frozen_importlib.BuiltinImporter'>
import 'datetime' # <_frozen_importlib_external.SourceFileLoader object at 0x0000016C29669B00>
# C:\Python314\Lib\re\__pycache__\__init__.cpython-314.pyc matches C:\Python314\Lib\re\__init__.py
# code object from 'C:\\Python314\\Lib\\re\\__pycache__\\__init__.cpython-314.pyc'
# C:\Python314\Lib\__pycache__\enum.cpython-314.pyc matches C:\Python314\Lib\enum.py
# code object from 'C:\\Python314\\Lib\\__pycache__\\enum.cpython-314.pyc'
import 'enum' # <_frozen_importlib_external.SourceFileLoader object at 0x0000016C296E85F0>
# C:\Python314\Lib\re\__pycache__\_compiler.cpython-314.pyc matches C:\Python314\Lib\re\_compiler.py
# code object from 'C:\\Python314\\Lib\\re\\__pycache__\\_compiler.cpython-314.pyc'
import '_sre' # <class '_frozen_importlib.BuiltinImporter'>
# C:\Python314\Lib\re\__pycache__\_parser.cpython-314.pyc matches C:\Python314\Lib\re\_parser.py
# code object from 'C:\\Python314\\Lib\\re\\__pycache__\\_parser.cpython-314.pyc'
# C:\Python314\Lib\re\__pycache__\_constants.cpython-314.pyc matches C:\Python314\Lib\re\_constants.py
# code object from 'C:\\Python314\\Lib\\re\\__pycache__\\_constants.cpython-314.pyc'
import 're._constants' # <_frozen_importlib_external.SourceFileLoader object at 0x0000016C28FDEF30>
import 're._parser' # <_frozen_importlib_external.SourceFileLoader object at 0x0000016C292D4830>
# C:\Python314\Lib\re\__pycache__\_casefix.cpython-314.pyc matches C:\Python314\Lib\re\_casefix.py
# code object from 'C:\\Python314\\Lib\\re\\__pycache__\\_casefix.cpython-314.pyc'
import 're._casefix' # <_frozen_importlib_external.SourceFileLoader object at 0x0000016C29309490>
import 're._compiler' # <_frozen_importlib_external.SourceFileLoader object at 0x0000016C292D4770>
import 're' # <_frozen_importlib_external.SourceFileLoader object at 0x0000016C29669940>
# extension module 'sqlalchemy.cyextension.processors' executed from 'D:\\EV CHARGING\\venv\\Lib\\site-packages\\sqlalchemy\\cyextension\\processors.cp314-win_amd64.pyd'
import 'sqlalchemy.cyextension.processors' # <_frozen_importlib_external.ExtensionFileLoader object at 0x0000016C296B1F90>
# extension module 'sqlalchemy.cyextension.resultproxy' loaded from 'D:\\EV CHARGING\\venv\\Lib\\site-packages\\sqlalchemy\\cyextension\\resultproxy.cp314-win_amd64.pyd'
# extension module 'sqlalchemy.cyextension.resultproxy' executed from 'D:\\EV CHARGING\\venv\\Lib\\site-packages\\sqlalchemy\\cyextension\\resultproxy.cp314-win_amd64.pyd'
import 'sqlalchemy.cyextension.resultproxy' # <_frozen_importlib_external.ExtensionFileLoader object at 0x0000016C296C23F0>
# extension module 'sqlalchemy.cyextension.util' loaded from 'D:\\EV CHARGING\\venv\\Lib\\site-packages\\sqlalchemy\\cyextension\\util.cp314-win_amd64.pyd'
# D:\EV CHARGING\venv\Lib\site-packages\sqlalchemy\__pycache__\exc.cpython-314.pyc matches D:\EV CHARGING\venv\Lib\site-packages\sqlalchemy\exc.py
# code object from 'D:\\EV CHARGING\\venv\\Lib\\site-packages\\sqlalchemy\\__pycache__\\exc.cpython-314.pyc'
# D:\EV CHARGING\venv\Lib\site-packages\sqlalchemy\util\__pycache__\compat.cpython-314.pyc matches D:\EV CHARGING\venv\Lib\site-packages\sqlalchemy\util\compat.py
# code object from 'D:\\EV CHARGING\\venv\\Lib\\site-packages\\sqlalchemy\\util\\__pycache__\\compat.cpython-314.pyc'
# C:\Python314\Lib\__pycache__\base64.cpython-314.pyc matches C:\Python314\Lib\base64.py
# code object from 'C:\\Python314\\Lib\\__pycache__\\base64.cpython-314.pyc'
# C:\Python314\Lib\__pycache__\struct.cpython-314.pyc matches C:\Python314\Lib\struct.py
# code object from 'C:\\Python314\\Lib\\__pycache__\\struct.cpython-314.pyc'
import '_struct' # <class '_frozen_importlib.BuiltinImporter'>
import 'struct' # <_frozen_importlib_external.SourceFileLoader object at 0x0000016C297551F0>
import 'binascii' # <class '_frozen_importlib.BuiltinImporter'>
import 'base64' # <_frozen_importlib_external.SourceFileLoader object at 0x0000016C29754770>
# C:\Python314\Lib\__pycache__\dataclasses.cpython-314.pyc matches C:\Python314\Lib\dataclasses.py
# code object from 'C:\\Python314\\Lib\\__pycache__\\dataclasses.cpython-314.pyc'
# C:\Python314\Lib\__pycache__\copy.cpython-314.pyc matches C:\Python314\Lib\copy.py
# code object from 'C:\\Python314\\Lib\\__pycache__\\copy.cpython-314.pyc'
import 'copy' # <_frozen_importlib_external.SourceFileLoader object at 0x0000016C29756270>
# C:\Python314\Lib\__pycache__\inspect.cpython-314.pyc matches C:\Python314\Lib\inspect.py
# code object from 'C:\\Python314\\Lib\\__pycache__\\inspect.cpython-314.pyc'
# C:\Python314\Lib\__pycache__\annotationlib.cpython-314.pyc matches C:\Python314\Lib\annotationlib.py
# code object from 'C:\\Python314\\Lib\\__pycache__\\annotationlib.cpython-314.pyc'
# C:\Python314\Lib\__pycache__\ast.cpython-314.pyc matches C:\Python314\Lib\ast.py
# code object from 'C:\\Python314\\Lib\\__pycache__\\ast.cpython-314.pyc'
import '_ast' # <class '_frozen_importlib.BuiltinImporter'>
import 'ast' # <_frozen_importlib_external.SourceFileLoader object at 0x0000016C29757590>
import 'annotationlib' # <_frozen_importlib_external.SourceFileLoader object at 0x0000016C29757050>
# C:\Python314\Lib\__pycache__\dis.cpython-314.pyc matches C:\Python314\Lib\dis.py
# code object from 'C:\\Python314\\Lib\\__pycache__\\dis.cpython-314.pyc'
import 'io' # <class '_frozen_importlib.FrozenImporter'>
# C:\Python314\Lib\__pycache__\opcode.cpython-314.pyc matches C:\Python314\Lib\opcode.py
# code object from 'C:\\Python314\\Lib\\__pycache__\\opcode.cpython-314.pyc'
import '_opcode' # <class '_frozen_importlib.BuiltinImporter'>
# C:\Python314\Lib\__pycache__\_opcode_metadata.cpython-314.pyc matches C:\Python314\Lib\_opcode_metadata.py
# code object from 'C:\\Python314\\Lib\\__pycache__\\_opcode_metadata.cpython-314.pyc'
import '_opcode_metadata' # <_frozen_importlib_external.SourceFileLoader object at 0x0000016C297ED730>
import 'opcode' # <_frozen_importlib_external.SourceFileLoader object at 0x0000016C297ED1F0>
import 'dis' # <_frozen_importlib_external.SourceFileLoader object at 0x0000016C29757530>
# C:\Python314\Lib\importlib\__pycache__\__init__.cpython-314.pyc matches C:\Python314\Lib\importlib\__init__.py
# code object from 'C:\\Python314\\Lib\\importlib\\__pycache__\\__init__.cpython-314.pyc'
import 'importlib' # <_frozen_importlib_external.SourceFileLoader object at 0x0000016C297EDA30>
import 'importlib.machinery' # <class '_frozen_importlib.FrozenImporter'>
# C:\Python314\Lib\__pycache__\tokenize.cpython-314.pyc matches C:\Python314\Lib\tokenize.py
# code object from 'C:\\Python314\\Lib\\__pycache__\\tokenize.cpython-314.pyc'
# C:\Python314\Lib\__pycache__\token.cpython-314.pyc matches C:\Python314\Lib\token.py
# code object from 'C:\\Python314\\Lib\\__pycache__\\token.cpython-314.pyc'
import 'token' # <_frozen_importlib_external.SourceFileLoader object at 0x0000016C297ED970>
import '_tokenize' # <class '_frozen_importlib.BuiltinImporter'>
import 'tokenize' # <_frozen_importlib_external.SourceFileLoader object at 0x0000016C297EDB50>
import 'inspect' # <_frozen_importlib_external.SourceFileLoader object at 0x0000016C29756ED0>
import 'dataclasses' # <_frozen_importlib_external.SourceFileLoader object at 0x0000016C29755970>
# C:\Python314\Lib\__pycache__\hashlib.cpython-314.pyc matches C:\Python314\Lib\hashlib.py
# code object from 'C:\\Python314\\Lib\\__pycache__\\hashlib.cpython-314.pyc'
# extension module '_hashlib' loaded from 'C:\\Python314\\DLLs\\_hashlib.pyd'
# extension module '_hashlib' executed from 'C:\\Python314\\DLLs\\_hashlib.pyd'
import '_hashlib' # <_frozen_importlib_external.ExtensionFileLoader object at 0x0000016C29753770>
import '_blake2' # <class '_frozen_importlib.BuiltinImporter'>
import 'hashlib' # <_frozen_importlib_external.SourceFileLoader object at 0x0000016C297A0230>
# C:\Python314\Lib\__pycache__\platform.cpython-314.pyc matches C:\Python314\Lib\platform.py
# code object from 'C:\\Python314\\Lib\\__pycache__\\platform.cpython-314.pyc'
# extension module '_wmi' loaded from 'C:\\Python314\\DLLs\\_wmi.pyd'
# extension module '_wmi' executed from 'C:\\Python314\\DLLs\\_wmi.pyd'
import '_wmi' # <_frozen_importlib_external.ExtensionFileLoader object at 0x0000016C297A87C0>
import 'platform' # <_frozen_importlib_external.SourceFileLoader object at 0x0000016C297EECF0>
# C:\Python314\Lib\sysconfig\__pycache__\__init__.cpython-314.pyc matches C:\Python314\Lib\sysconfig\__init__.py
# code object from 'C:\\Python314\\Lib\\sysconfig\\__pycache__\\__init__.cpython-314.pyc'
import 'sysconfig' # <_frozen_importlib_external.SourceFileLoader object at 0x0000016C297EF4D0>
import '_sysconfig' # <class '_frozen_importlib.BuiltinImporter'>
# C:\Python314\Lib\__pycache__\socket.cpython-314.pyc matches C:\Python314\Lib\socket.py
# code object from 'C:\\Python314\\Lib\\__pycache__\\socket.cpython-314.pyc'
# extension module '_socket' loaded from 'C:\\Python314\\DLLs\\_socket.pyd'
# extension module '_socket' executed from 'C:\\Python314\\DLLs\\_socket.pyd'
import '_socket' # <_frozen_importlib_external.ExtensionFileLoader object at 0x0000016C297AB350>
import 'socket' # <_frozen_importlib_external.SourceFileLoader object at 0x0000016C2988C470>
