import _frozen_importlib # frozen
import _imp # builtin
import '_thread' # <class '_frozen_importlib.BuiltinImporter'>
import '_warnings' # <class '_frozen_importlib.BuiltinImporter'>
import '_weakref' # <class '_frozen_importlib.BuiltinImporter'>
import 'winreg' # <class '_frozen_importlib.BuiltinImporter'>
import '_io' # <class '_frozen_importlib.BuiltinImporter'>
import 'marshal' # <class '_frozen_importlib.BuiltinImporter'>
import 'nt' # <class '_frozen_importlib.BuiltinImporter'>
import '_frozen_importlib_external' # <class '_frozen_importlib.FrozenImporter'>
# installing zipimport hook
import 'time' # <class '_frozen_importlib.BuiltinImporter'>
import 'zipimport' # <class '_frozen_importlib.FrozenImporter'>
# installed zipimport hook
# C:\Python314\Lib\encodings\__pycache__\__init__.cpython-314.pyc matches C:\Python314\Lib\encodings\__init__.py
# code object from 'C:\\Python314\\Lib\\encodings\\__pycache__\\__init__.cpython-314.pyc'
import '_codecs' # <class '_frozen_importlib.BuiltinImporter'>
import 'codecs' # <class '_frozen_importlib.FrozenImporter'>
# C:\Python314\Lib\encodings\__pycache__\aliases.cpython-314.pyc matches C:\Python314\Lib\encodings\aliases.py
# code object from 'C:\\Python314\\Lib\\encodings\\__pycache__\\aliases.cpython-314.pyc'
import 'encodings.aliases' # <_frozen_importlib_external.SourceFileLoader object at 0x000001F4BA049450>
# C:\Python314\Lib\encodings\__pycache__\_win_cp_codecs.cpython-314.pyc matches C:\Python314\Lib\encodings\_win_cp_codecs.py
# code object from 'C:\\Python314\\Lib\\encodings\\__pycache__\\_win_cp_codecs.cpython-314.pyc'
import 'encodings._win_cp_codecs' # <_frozen_importlib_external.SourceFileLoader object at 0x000001F4BA04A350>
import 'encodings' # <_frozen_importlib_external.SourceFileLoader object at 0x000001F4B9FC5550>
# C:\Python314\Lib\encodings\__pycache__\utf_8.cpython-314.pyc matches C:\Python314\Lib\encodings\utf_8.py
# code object from 'C:\\Python314\\Lib\\encodings\\__pycache__\\utf_8.cpython-314.pyc'
import 'encodings.utf_8' # <_frozen_importlib_external.SourceFileLoader object at 0x000001F4BA04DA70>
# C:\Python314\Lib\encodings\__pycache__\cp1252.cpython-314.pyc matches C:\Python314\Lib\encodings\cp1252.py
# code object from 'C:\\Python314\\Lib\\encodings\\__pycache__\\cp1252.cpython-314.pyc'
import 'encodings.cp1252' # <_frozen_importlib_external.SourceFileLoader object at 0x000001F4BA04DBA0>
import '_signal' # <class '_frozen_importlib.BuiltinImporter'>
import '_abc' # <class '_frozen_importlib.BuiltinImporter'>
import 'abc' # <class '_frozen_importlib.FrozenImporter'>
import '_stat' # <class '_frozen_importlib.BuiltinImporter'>
import 'stat' # <class '_frozen_importlib.FrozenImporter'>
import '_collections_abc' # <class '_frozen_importlib.FrozenImporter'>
import 'genericpath' # <class '_frozen_importlib.FrozenImporter'>
import '_winapi' # <class '_frozen_importlib.BuiltinImporter'>
import 'ntpath' # <class '_frozen_importlib.FrozenImporter'>
import 'os' # <class '_frozen_importlib.FrozenImporter'>
import '_sitebuiltins' # <class '_frozen_importlib.FrozenImporter'>
import 'errno' # <class '_frozen_importlib.BuiltinImporter'>
Processing global site-packages
Adding directory: 'D:\\EV CHARGING\\venv'
Adding directory: 'D:\\EV CHARGING\\venv\\Lib\\site-packages'
Processing user site-packages
Processing global site-packages
Adding directory: 'D:\\EV CHARGING\\venv'
Adding directory: 'D:\\EV CHARGING\\venv\\Lib\\site-packages'
import 'site' # <class '_frozen_importlib.FrozenImporter'>
Python 3.14.3 (tags/v3.14.3:323c59a, Feb  3 2026, 16:04:56) [MSC v.1944 64 bit (AMD64)] on win32
Type "help", "copyright", "credits" or "license" for more information.
# C:\Python314\Lib\__pycache__\linecache.cpython-314.pyc matches C:\Python314\Lib\linecache.py
# code object from 'C:\\Python314\\Lib\\__pycache__\\linecache.cpython-314.pyc'
import 'linecache' # <_frozen_importlib_external.SourceFileLoader object at 0x000001F4B9FF72F0>
# D:\EV CHARGING\venv\Lib\site-packages\sqlmodel\__pycache__\__init__.cpython-314.pyc matches D:\EV CHARGING\venv\Lib\site-packages\sqlmodel\__init__.py
# code object from 'D:\\EV CHARGING\\venv\\Lib\\site-packages\\sqlmodel\\__pycache__\\__init__.cpython-314.pyc'
# D:\EV CHARGING\venv\Lib\site-packages\sqlalchemy\__pycache__\__init__.cpython-314.pyc matches D:\EV CHARGING\venv\Lib\site-packages\sqlalchemy\__init__.py
# code object from 'D:\\EV CHARGING\\venv\\Lib\\site-packages\\sqlalchemy\\__pycache__\\__init__.cpython-314.pyc'
# C:\Python314\Lib\__pycache__\__future__.cpython-314.pyc matches C:\Python314\Lib\__future__.py
# code object from 'C:\\Python314\\Lib\\__pycache__\\__future__.cpython-314.pyc'
import '__future__' # <_frozen_importlib_external.SourceFileLoader object at 0x000001F4BA248350>
# C:\Python314\Lib\__pycache__\typing.cpython-314.pyc matches C:\Python314\Lib\typing.py
# code object from 'C:\\Python314\\Lib\\__pycache__\\typing.cpython-314.pyc'
# C:\Python314\Lib\collections\__pycache__\__init__.cpython-314.pyc matches C:\Python314\Lib\collections\__init__.py
# code object from 'C:\\Python314\\Lib\\collections\\__pycache__\\__init__.cpython-314.pyc'
import 'itertools' # <class '_frozen_importlib.BuiltinImporter'>
# C:\Python314\Lib\__pycache__\keyword.cpython-314.pyc matches C:\Python314\Lib\keyword.py
# code object from 'C:\\Python314\\Lib\\__pycache__\\keyword.cpython-314.pyc'
import 'keyword' # <_frozen_importlib_external.SourceFileLoader object at 0x000001F4BA2E9040>
# C:\Python314\Lib\__pycache__\operator.cpython-314.pyc matches C:\Python314\Lib\operator.py
# code object from 'C:\\Python314\\Lib\\__pycache__\\operator.cpython-314.pyc'
import '_operator' # <class '_frozen_importlib.BuiltinImporter'>
import 'operator' # <_frozen_importlib_external.SourceFileLoader object at 0x000001F4BA2E5D30>
# C:\Python314\Lib\__pycache__\reprlib.cpython-314.pyc matches C:\Python314\Lib\reprlib.py
# code object from 'C:\\Python314\\Lib\\__pycache__\\reprlib.cpython-314.pyc'
import 'reprlib' # <_frozen_importlib_external.SourceFileLoader object at 0x000001F4BA2E5E10>
import '_collections' # <class '_frozen_importlib.BuiltinImporter'>
import 'collections' # <_frozen_importlib_external.SourceFileLoader object at 0x000001F4BA261D60>
# C:\Python314\Lib\__pycache__\copyreg.cpython-314.pyc matches C:\Python314\Lib\copyreg.py
# code object from 'C:\\Python314\\Lib\\__pycache__\\copyreg.cpython-314.pyc'
import 'copyreg' # <_frozen_importlib_external.SourceFileLoader object at 0x000001F4BA1FE340>
# C:\Python314\Lib\__pycache__\functools.cpython-314.pyc matches C:\Python314\Lib\functools.py
# code object from 'C:\\Python314\\Lib\\__pycache__\\functools.cpython-314.pyc'
# C:\Python314\Lib\__pycache__\types.cpython-314.pyc matches C:\Python314\Lib\types.py
# code object from 'C:\\Python314\\Lib\\__pycache__\\types.cpython-314.pyc'
import '_types' # <class '_frozen_importlib.BuiltinImporter'>
import 'types' # <_frozen_importlib_external.SourceFileLoader object at 0x000001F4B9FD7A10>
import '_functools' # <class '_frozen_importlib.BuiltinImporter'>
import 'functools' # <_frozen_importlib_external.SourceFileLoader object at 0x000001F4B9FD77D0>
import '_typing' # <class '_frozen_importlib.BuiltinImporter'>
import 'typing' # <_frozen_importlib_external.SourceFileLoader object at 0x000001F4BA249B50>
# D:\EV CHARGING\venv\Lib\site-packages\sqlalchemy\util\__pycache__\__init__.cpython-314.pyc matches D:\EV CHARGING\venv\Lib\site-packages\sqlalchemy\util\__init__.py
# code object from 'D:\\EV CHARGING\\venv\\Lib\\site-packages\\sqlalchemy\\util\\__pycache__\\__init__.cpython-314.pyc'
# D:\EV CHARGING\venv\Lib\site-packages\sqlalchemy\util\__pycache__\preloaded.cpython-314.pyc matches D:\EV CHARGING\venv\Lib\site-packages\sqlalchemy\util\preloaded.py
# code object from 'D:\\EV CHARGING\\venv\\Lib\\site-packages\\sqlalchemy\\util\\__pycache__\\preloaded.cpython-314.pyc'
import 'sqlalchemy.util.preloaded' # <_frozen_importlib_external.SourceFileLoader object at 0x000001F4BA678890>
# D:\EV CHARGING\venv\Lib\site-packages\sqlalchemy\util\__pycache__\_collections.cpython-314.pyc matches D:\EV CHARGING\venv\Lib\site-packages\sqlalchemy\util\_collections.py
# code object from 'D:\\EV CHARGING\\venv\\Lib\\site-packages\\sqlalchemy\\util\\__pycache__\\_collections.cpython-314.pyc'
# C:\Python314\Lib\__pycache__\threading.cpython-314.pyc matches C:\Python314\Lib\threading.py
# code object from 'C:\\Python314\\Lib\\__pycache__\\threading.cpython-314.pyc'
import '_contextvars' # <class '_frozen_importlib.BuiltinImporter'>
# C:\Python314\Lib\__pycache__\_weakrefset.cpython-314.pyc matches C:\Python314\Lib\_weakrefset.py
# code object from 'C:\\Python314\\Lib\\__pycache__\\_weakrefset.cpython-314.pyc'
import '_weakrefset' # <_frozen_importlib_external.SourceFileLoader object at 0x000001F4B9FEB0B0>
import 'threading' # <_frozen_importlib_external.SourceFileLoader object at 0x000001F4BA622170>
# C:\Python314\Lib\__pycache__\weakref.cpython-314.pyc matches C:\Python314\Lib\weakref.py
# code object from 'C:\\Python314\\Lib\\__pycache__\\weakref.cpython-314.pyc'
import 'weakref' # <_frozen_importlib_external.SourceFileLoader object at 0x000001F4BA65E850>
# D:\EV CHARGING\venv\Lib\site-packages\sqlalchemy\util\__pycache__\_has_cy.cpython-314.pyc matches D:\EV CHARGING\venv\Lib\site-packages\sqlalchemy\util\_has_cy.py
# code object from 'D:\\EV CHARGING\\venv\\Lib\\site-packages\\sqlalchemy\\util\\__pycache__\\_has_cy.cpython-314.pyc'
import 'sqlalchemy.util._has_cy' # <_frozen_importlib_external.SourceFileLoader object at 0x000001F4BA65E7D0>
# D:\EV CHARGING\venv\Lib\site-packages\sqlalchemy\util\__pycache__\typing.cpython-314.pyc matches D:\EV CHARGING\venv\Lib\site-packages\sqlalchemy\util\typing.py
# code object from 'D:\\EV CHARGING\\venv\\Lib\\site-packages\\sqlalchemy\\util\\__pycache__\\typing.cpython-314.pyc'
# C:\Python314\Lib\re\__pycache__\__init__.cpython-314.pyc matches C:\Python314\Lib\re\__init__.py
# code object from 'C:\\Python314\\Lib\\re\\__pycache__\\__init__.cpython-314.pyc'
# C:\Python314\Lib\__pycache__\enum.cpython-314.pyc matches C:\Python314\Lib\enum.py
# code object from 'C:\\Python314\\Lib\\__pycache__\\enum.cpython-314.pyc'
import 'enum' # <_frozen_importlib_external.SourceFileLoader object at 0x000001F4BA6CD070>
# C:\Python314\Lib\re\__pycache__\_compiler.cpython-314.pyc matches C:\Python314\Lib\re\_compiler.py
# code object from 'C:\\Python314\\Lib\\re\\__pycache__\\_compiler.cpython-314.pyc'
import '_sre' # <class '_frozen_importlib.BuiltinImporter'>
# C:\Python314\Lib\re\__pycache__\_parser.cpython-314.pyc matches C:\Python314\Lib\re\_parser.py
# code object from 'C:\\Python314\\Lib\\re\\__pycache__\\_parser.cpython-314.pyc'
# C:\Python314\Lib\re\__pycache__\_constants.cpython-314.pyc matches C:\Python314\Lib\re\_constants.py
# code object from 'C:\\Python314\\Lib\\re\\__pycache__\\_constants.cpython-314.pyc'
import 're._constants' # <_frozen_importlib_external.SourceFileLoader object at 0x000001F4B9FBEF30>
import 're._parser' # <_frozen_importlib_external.SourceFileLoader object at 0x000001F4BA2B4A70>
# C:\Python314\Lib\re\__pycache__\_casefix.cpython-314.pyc matches C:\Python314\Lib\re\_casefix.py
# code object from 'C:\\Python314\\Lib\\re\\__pycache__\\_casefix.cpython-314.pyc'
import 're._casefix' # <_frozen_importlib_external.SourceFileLoader object at 0x000001F4BA2E16D0>
import 're._compiler' # <_frozen_importlib_external.SourceFileLoader object at 0x000001F4BA2B49B0>
import 're' # <_frozen_importlib_external.SourceFileLoader object at 0x000001F4BA649E80>
# C:\Python314\Lib\__pycache__\annotationlib.cpython-314.pyc matches C:\Python314\Lib\annotationlib.py
# code object from 'C:\\Python314\\Lib\\__pycache__\\annotationlib.cpython-314.pyc'
# C:\Python314\Lib\__pycache__\ast.cpython-314.pyc matches C:\Python314\Lib\ast.py
# code object from 'C:\\Python314\\Lib\\__pycache__\\ast.cpython-314.pyc'
import '_ast' # <class '_frozen_importlib.BuiltinImporter'>
import 'ast' # <_frozen_importlib_external.SourceFileLoader object at 0x000001F4BA6CE390>
import 'annotationlib' # <_frozen_importlib_external.SourceFileLoader object at 0x000001F4BA2B4770>
# D:\EV CHARGING\venv\Lib\site-packages\__pycache__\typing_extensions.cpython-314.pyc matches D:\EV CHARGING\venv\Lib\site-packages\typing_extensions.py
# code object from 'D:\\EV CHARGING\\venv\\Lib\\site-packages\\__pycache__\\typing_extensions.cpython-314.pyc'
# C:\Python314\Lib\__pycache__\contextlib.cpython-314.pyc matches C:\Python314\Lib\contextlib.py
# code object from 'C:\\Python314\\Lib\\__pycache__\\contextlib.cpython-314.pyc'
import 'contextlib' # <_frozen_importlib_external.SourceFileLoader object at 0x000001F4BA70EB70>
# C:\Python314\Lib\__pycache__\inspect.cpython-314.pyc matches C:\Python314\Lib\inspect.py
# code object from 'C:\\Python314\\Lib\\__pycache__\\inspect.cpython-314.pyc'
# C:\Python314\Lib\__pycache__\dis.cpython-314.pyc matches C:\Python314\Lib\dis.py
# code object from 'C:\\Python314\\Lib\\__pycache__\\dis.cpython-314.pyc'
import 'io' # <class '_frozen_importlib.FrozenImporter'>
# C:\Python314\Lib\__pycache__\opcode.cpython-314.pyc matches C:\Python314\Lib\opcode.py
# code object from 'C:\\Python314\\Lib\\__pycache__\\opcode.cpython-314.pyc'
import '_opcode' # <class '_frozen_importlib.BuiltinImporter'>
# C:\Python314\Lib\__pycache__\_opcode_metadata.cpython-314.pyc matches C:\Python314\Lib\_opcode_metadata.py
# code object from 'C:\\Python314\\Lib\\__pycache__\\_opcode_metadata.cpython-314.pyc'
import '_opcode_metadata' # <_frozen_importlib_external.SourceFileLoader object at 0x000001F4BA7D62D0>
import 'opcode' # <_frozen_importlib_external.SourceFileLoader object at 0x000001F4BA7D65D0>
import 'dis' # <_frozen_importlib_external.SourceFileLoader object at 0x000001F4BA794CB0>
# C:\Python314\Lib\importlib\__pycache__\__init__.cpython-314.pyc matches C:\Python314\Lib\importlib\__init__.py
# code object from 'C:\\Python314\\Lib\\importlib\\__pycache__\\__init__.cpython-314.pyc'
import 'importlib' # <_frozen_importlib_external.SourceFileLoader object at 0x000001F4BA7D6DB0>
import 'importlib.machinery' # <class '_frozen_importlib.FrozenImporter'>
# C:\Python314\Lib\__pycache__\tokenize.cpython-314.pyc matches C:\Python314\Lib\tokenize.py
# code object from 'C:\\Python314\\Lib\\__pycache__\\tokenize.cpython-314.pyc'
# C:\Python314\Lib\__pycache__\token.cpython-314.pyc matches C:\Python314\Lib\token.py
# code object from 'C:\\Python314\\Lib\\__pycache__\\token.cpython-314.pyc'
import 'token' # <_frozen_importlib_external.SourceFileLoader object at 0x000001F4BA7D6D50>
import '_tokenize' # <class '_frozen_importlib.BuiltinImporter'>
import 'tokenize' # <_frozen_importlib_external.SourceFileLoader object at 0x000001F4BA2398B0>
import 'inspect' # <_frozen_importlib_external.SourceFileLoader object at 0x000001F4BA794BF0>
# C:\Python314\Lib\__pycache__\warnings.cpython-314.pyc matches C:\Python314\Lib\warnings.py
# code object from 'C:\\Python314\\Lib\\__pycache__\\warnings.cpython-314.pyc'
# C:\Python314\Lib\__pycache__\_py_warnings.cpython-314.pyc matches C:\Python314\Lib\_py_warnings.py
# code object from 'C:\\Python314\\Lib\\__pycache__\\_py_warnings.cpython-314.pyc'
import '_py_warnings' # <_frozen_importlib_external.SourceFileLoader object at 0x000001F4BA834050>
import 'warnings' # <_frozen_importlib_external.SourceFileLoader object at 0x000001F4BA797D10>
import 'typing_extensions' # <_frozen_importlib_external.SourceFileLoader object at 0x000001F4BA6CDF70>
# D:\EV CHARGING\venv\Lib\site-packages\sqlalchemy\util\__pycache__\compat.cpython-314.pyc matches D:\EV CHARGING\venv\Lib\site-packages\sqlalchemy\util\compat.py
# code object from 'D:\\EV CHARGING\\venv\\Lib\\site-packages\\sqlalchemy\\util\\__pycache__\\compat.cpython-314.pyc'
# C:\Python314\Lib\__pycache__\base64.cpython-314.pyc matches C:\Python314\Lib\base64.py
# code object from 'C:\\Python314\\Lib\\__pycache__\\base64.cpython-314.pyc'
# C:\Python314\Lib\__pycache__\struct.cpython-314.pyc matches C:\Python314\Lib\struct.py
# code object from 'C:\\Python314\\Lib\\__pycache__\\struct.cpython-314.pyc'
import '_struct' # <class '_frozen_importlib.BuiltinImporter'>
import 'struct' # <_frozen_importlib_external.SourceFileLoader object at 0x000001F4BA70F710>
import 'binascii' # <class '_frozen_importlib.BuiltinImporter'>
import 'base64' # <_frozen_importlib_external.SourceFileLoader object at 0x000001F4BA70F110>
# C:\Python314\Lib\__pycache__\dataclasses.cpython-314.pyc matches C:\Python314\Lib\dataclasses.py
# code object from 'C:\\Python314\\Lib\\__pycache__\\dataclasses.cpython-314.pyc'
# C:\Python314\Lib\__pycache__\copy.cpython-314.pyc matches C:\Python314\Lib\copy.py
# code object from 'C:\\Python314\\Lib\\__pycache__\\copy.cpython-314.pyc'
import 'copy' # <_frozen_importlib_external.SourceFileLoader object at 0x000001F4BA795DF0>
import 'dataclasses' # <_frozen_importlib_external.SourceFileLoader object at 0x000001F4BA70F6B0>
# C:\Python314\Lib\__pycache__\hashlib.cpython-314.pyc matches C:\Python314\Lib\hashlib.py
# code object from 'C:\\Python314\\Lib\\__pycache__\\hashlib.cpython-314.pyc'
# extension module '_hashlib' loaded from 'C:\\Python314\\DLLs\\_hashlib.pyd'
# extension module '_hashlib' executed from 'C:\\Python314\\DLLs\\_hashlib.pyd'
import '_hashlib' # <_frozen_importlib_external.ExtensionFileLoader object at 0x000001F4BA6F6270>
import '_blake2' # <class '_frozen_importlib.BuiltinImporter'>
import 'hashlib' # <_frozen_importlib_external.SourceFileLoader object at 0x000001F4BA794DD0>
# C:\Python314\Lib\__pycache__\platform.cpython-314.pyc matches C:\Python314\Lib\platform.py
# code object from 'C:\\Python314\\Lib\\__pycache__\\platform.cpython-314.pyc'
# extension module '_wmi' loaded from 'C:\\Python314\\DLLs\\_wmi.pyd'
# extension module '_wmi' executed from 'C:\\Python314\\DLLs\\_wmi.pyd'
import '_wmi' # <_frozen_importlib_external.ExtensionFileLoader object at 0x000001F4BA7B02D0>
import 'platform' # <_frozen_importlib_external.SourceFileLoader object at 0x000001F4BA835190>
# C:\Python314\Lib\sysconfig\__pycache__\__init__.cpython-314.pyc matches C:\Python314\Lib\sysconfig\__init__.py
# code object from 'C:\\Python314\\Lib\\sysconfig\\__pycache__\\__init__.cpython-314.pyc'
import 'sysconfig' # <_frozen_importlib_external.SourceFileLoader object at 0x000001F4BA835730>
import '_sysconfig' # <class '_frozen_importlib.BuiltinImporter'>
# C:\Python314\Lib\__pycache__\socket.cpython-314.pyc matches C:\Python314\Lib\socket.py
# code object from 'C:\\Python314\\Lib\\__pycache__\\socket.cpython-314.pyc'
# extension module '_socket' loaded from 'C:\\Python314\\DLLs\\_socket.pyd'
# extension module '_socket' executed from 'C:\\Python314\\DLLs\\_socket.pyd'
import '_socket' # <_frozen_importlib_external.ExtensionFileLoader object at 0x000001F4BA7B2710>
import 'socket' # <_frozen_importlib_external.SourceFileLoader object at 0x000001F4BA8366F0>
